// Jest Snapshot v1, https://goo.gl/fbAQLP

exports[`App app: render correctly 1`] = `
<div
  className="makeStyles-root-1"
>
  <WithStyles(ForwardRef(Typography))
    variant="h2"
  >
    Portal
  </WithStyles(ForwardRef(Typography))>
  <div
    className="makeStyles-container-2"
  >
    <WithStyles(ForwardRef(Card))
      className="makeStyles-card-3"
    >
      <WithStyles(ForwardRef(CardContent))>
        <WithStyles(ForwardRef(Typography))
          variant="body1"
        >
          Hello, world !
        </WithStyles(ForwardRef(Typography))>
      </WithStyles(ForwardRef(CardContent))>
    </WithStyles(ForwardRef(Card))>
  </div>
</div>
`;
